▲ Next.js 16.2.11
- Local:         http://127.0.0.1:4416
- Network:       http://127.0.0.1:4416
✓ Ready in 700ms
[partners/stats] PARTNER_STATS_SECRET is not set, Tasks roll-up unavailable. Set it on Studio AND Tasks (same value).
[partners/stats] PARTNER_STATS_SECRET is not set, Tasks roll-up unavailable. Set it on Studio AND Tasks (same value).
[partners/stats] PARTNER_STATS_SECRET is not set, Tasks roll-up unavailable. Set it on Studio AND Tasks (same value).
[partners/stats] PARTNER_STATS_SECRET is not set, Tasks roll-up unavailable. Set it on Studio AND Tasks (same value).
[partners/stats] PARTNER_STATS_SECRET is not set, Tasks roll-up unavailable. Set it on Studio AND Tasks (same value).
[partners/stats] PARTNER_STATS_SECRET is not set, Tasks roll-up unavailable. Set it on Studio AND Tasks (same value).
[partners/stats] PARTNER_STATS_SECRET is not set, Tasks roll-up unavailable. Set it on Studio AND Tasks (same value).
[partners/stats] PARTNER_STATS_SECRET is not set, Tasks roll-up unavailable. Set it on Studio AND Tasks (same value).
[partners/stats] PARTNER_STATS_SECRET is not set, Tasks roll-up unavailable. Set it on Studio AND Tasks (same value).
[partners/stats] PARTNER_STATS_SECRET is not set, Tasks roll-up unavailable. Set it on Studio AND Tasks (same value).
[partners/stats] PARTNER_STATS_SECRET is not set, Tasks roll-up unavailable. Set it on Studio AND Tasks (same value).
[partners/stats] PARTNER_STATS_SECRET is not set, Tasks roll-up unavailable. Set it on Studio AND Tasks (same value).
[partners/stats] PARTNER_STATS_SECRET is not set, Tasks roll-up unavailable. Set it on Studio AND Tasks (same value).
[partners/stats] PARTNER_STATS_SECRET is not set, Tasks roll-up unavailable. Set it on Studio AND Tasks (same value).
[partners/stats] PARTNER_STATS_SECRET is not set, Tasks roll-up unavailable. Set it on Studio AND Tasks (same value).
[partners/stats] PARTNER_STATS_SECRET is not set, Tasks roll-up unavailable. Set it on Studio AND Tasks (same value).
[partners/stats] PARTNER_STATS_SECRET is not set, Tasks roll-up unavailable. Set it on Studio AND Tasks (same value).
[partners/stats] PARTNER_STATS_SECRET is not set, Tasks roll-up unavailable. Set it on Studio AND Tasks (same value).
[partners/stats] PARTNER_STATS_SECRET is not set, Tasks roll-up unavailable. Set it on Studio AND Tasks (same value).
[partners/stats] PARTNER_STATS_SECRET is not set, Tasks roll-up unavailable. Set it on Studio AND Tasks (same value).
[partners/stats] PARTNER_STATS_SECRET is not set, Tasks roll-up unavailable. Set it on Studio AND Tasks (same value).
[partners/stats] PARTNER_STATS_SECRET is not set, Tasks roll-up unavailable. Set it on Studio AND Tasks (same value).
[partners/stats] PARTNER_STATS_SECRET is not set, Tasks roll-up unavailable. Set it on Studio AND Tasks (same value).
[partners/stats] PARTNER_STATS_SECRET is not set, Tasks roll-up unavailable. Set it on Studio AND Tasks (same value).
[partners/stats] PARTNER_STATS_SECRET is not set, Tasks roll-up unavailable. Set it on Studio AND Tasks (same value).
[partners/stats] PARTNER_STATS_SECRET is not set, Tasks roll-up unavailable. Set it on Studio AND Tasks (same value).
[partners/stats] PARTNER_STATS_SECRET is not set, Tasks roll-up unavailable. Set it on Studio AND Tasks (same value).
[partners/stats] PARTNER_STATS_SECRET is not set, Tasks roll-up unavailable. Set it on Studio AND Tasks (same value).
[partners/stats] PARTNER_STATS_SECRET is not set, Tasks roll-up unavailable. Set it on Studio AND Tasks (same value).
[partners/stats] PARTNER_STATS_SECRET is not set, Tasks roll-up unavailable. Set it on Studio AND Tasks (same value).
[partners/stats] PARTNER_STATS_SECRET is not set, Tasks roll-up unavailable. Set it on Studio AND Tasks (same value).
[partners/stats] PARTNER_STATS_SECRET is not set, Tasks roll-up unavailable. Set it on Studio AND Tasks (same value).
[partners/stats] PARTNER_STATS_SECRET is not set, Tasks roll-up unavailable. Set it on Studio AND Tasks (same value).
[partners/stats] PARTNER_STATS_SECRET is not set, Tasks roll-up unavailable. Set it on Studio AND Tasks (same value).
[partners/stats] PARTNER_STATS_SECRET is not set, Tasks roll-up unavailable. Set it on Studio AND Tasks (same value).
[partners/stats] PARTNER_STATS_SECRET is not set, Tasks roll-up unavailable. Set it on Studio AND Tasks (same value).
[partners/stats] PARTNER_STATS_SECRET is not set, Tasks roll-up unavailable. Set it on Studio AND Tasks (same value).
[partners/stats] PARTNER_STATS_SECRET is not set, Tasks roll-up unavailable. Set it on Studio AND Tasks (same value).
[partners/stats] PARTNER_STATS_SECRET is not set, Tasks roll-up unavailable. Set it on Studio AND Tasks (same value).
[partners/stats] PARTNER_STATS_SECRET is not set, Tasks roll-up unavailable. Set it on Studio AND Tasks (same value).
[partners/stats] PARTNER_STATS_SECRET is not set, Tasks roll-up unavailable. Set it on Studio AND Tasks (same value).
[partners/stats] PARTNER_STATS_SECRET is not set, Tasks roll-up unavailable. Set it on Studio AND Tasks (same value).
[partners/stats] PARTNER_STATS_SECRET is not set, Tasks roll-up unavailable. Set it on Studio AND Tasks (same value).
[partners/stats] PARTNER_STATS_SECRET is not set, Tasks roll-up unavailable. Set it on Studio AND Tasks (same value).
[partners/stats] PARTNER_STATS_SECRET is not set, Tasks roll-up unavailable. Set it on Studio AND Tasks (same value).
[partners/stats] PARTNER_STATS_SECRET is not set, Tasks roll-up unavailable. Set it on Studio AND Tasks (same value).
[partners/stats] PARTNER_STATS_SECRET is not set, Tasks roll-up unavailable. Set it on Studio AND Tasks (same value).
[partners/stats] PARTNER_STATS_SECRET is not set, Tasks roll-up unavailable. Set it on Studio AND Tasks (same value).
[partners/stats] PARTNER_STATS_SECRET is not set, Tasks roll-up unavailable. Set it on Studio AND Tasks (same value).
[partners/stats] PARTNER_STATS_SECRET is not set, Tasks roll-up unavailable. Set it on Studio AND Tasks (same value).
[partners/stats] PARTNER_STATS_SECRET is not set, Tasks roll-up unavailable. Set it on Studio AND Tasks (same value).
[partners/stats] PARTNER_STATS_SECRET is not set, Tasks roll-up unavailable. Set it on Studio AND Tasks (same value).
[partners/stats] PARTNER_STATS_SECRET is not set, Tasks roll-up unavailable. Set it on Studio AND Tasks (same value).
[partners/stats] PARTNER_STATS_SECRET is not set, Tasks roll-up unavailable. Set it on Studio AND Tasks (same value).
[partners/stats] PARTNER_STATS_SECRET is not set, Tasks roll-up unavailable. Set it on Studio AND Tasks (same value).
[partners/stats] PARTNER_STATS_SECRET is not set, Tasks roll-up unavailable. Set it on Studio AND Tasks (same value).
[partners/stats] PARTNER_STATS_SECRET is not set, Tasks roll-up unavailable. Set it on Studio AND Tasks (same value).
[partners/stats] PARTNER_STATS_SECRET is not set, Tasks roll-up unavailable. Set it on Studio AND Tasks (same value).
[partners/stats] PARTNER_STATS_SECRET is not set, Tasks roll-up unavailable. Set it on Studio AND Tasks (same value).
[partners/stats] PARTNER_STATS_SECRET is not set, Tasks roll-up unavailable. Set it on Studio AND Tasks (same value).
[partners/stats] PARTNER_STATS_SECRET is not set, Tasks roll-up unavailable. Set it on Studio AND Tasks (same value).
[partners/stats] PARTNER_STATS_SECRET is not set, Tasks roll-up unavailable. Set it on Studio AND Tasks (same value).
[partners/stats] PARTNER_STATS_SECRET is not set, Tasks roll-up unavailable. Set it on Studio AND Tasks (same value).
[partners/stats] PARTNER_STATS_SECRET is not set, Tasks roll-up unavailable. Set it on Studio AND Tasks (same value).
[partners/stats] PARTNER_STATS_SECRET is not set, Tasks roll-up unavailable. Set it on Studio AND Tasks (same value).
[partners/stats] PARTNER_STATS_SECRET is not set, Tasks roll-up unavailable. Set it on Studio AND Tasks (same value).
[partners/stats] PARTNER_STATS_SECRET is not set, Tasks roll-up unavailable. Set it on Studio AND Tasks (same value).
[partners/stats] PARTNER_STATS_SECRET is not set, Tasks roll-up unavailable. Set it on Studio AND Tasks (same value).
[partners/stats] PARTNER_STATS_SECRET is not set, Tasks roll-up unavailable. Set it on Studio AND Tasks (same value).
