studio.page.hq empty mobile: pass  axe=0 overflow=0 console=0
studio.page.hq empty tablet: pass  axe=0 overflow=0 console=0
studio.page.hq empty desktop: pass  axe=0 overflow=0 console=0
studio.page.hq empty wide: pass  axe=0 overflow=0 console=0
studio.page.hq populated mobile: pass  axe=0 overflow=0 console=0
studio.page.hq populated tablet: pass  axe=0 overflow=0 console=0
studio.page.hq populated desktop: pass  axe=0 overflow=0 console=0
studio.page.hq populated wide: pass  axe=0 overflow=0 console=0
studio.page.hq partial-failure tablet: pass  axe=0 overflow=0 console=0
studio.page.hq partial-failure mobile: pass  axe=0 overflow=0 console=0
studio.page.hq partial-failure desktop: pass  axe=0 overflow=0 console=0
studio.page.hq partial-failure wide: pass  axe=0 overflow=0 console=0
studio.page.hq error tablet: pass  axe=0 overflow=0 console=0
studio.page.hq error mobile: pass  axe=0 overflow=0 console=0
studio.page.hq error desktop: pass  axe=0 overflow=0 console=0
studio.page.hq error wide: pass  axe=0 overflow=0 console=0
studio.page.hq restricted mobile: pass  axe=0 overflow=0 console=0
studio.page.hq restricted tablet: pass  axe=0 overflow=0 console=0
studio.page.hq restricted desktop: pass  axe=0 overflow=0 console=0
studio.page.hq restricted wide: pass  axe=0 overflow=0 console=0
studio.page.hq dense mobile: pass  axe=0 overflow=0 console=0
studio.page.hq dense tablet: pass  axe=0 overflow=0 console=0
studio.page.hq dense desktop: pass  axe=0 overflow=0 console=0
studio.page.hq dense wide: pass  axe=0 overflow=0 console=0
studio.page.hq long-content tablet: pass  axe=0 overflow=0 console=0
studio.page.hq long-content mobile: pass  axe=0 overflow=0 console=0
studio.page.hq long-content desktop: pass  axe=0 overflow=0 console=0
studio.page.hq long-content wide: pass  axe=0 overflow=0 console=0
studio.page.hq reduced-motion tablet: pass  axe=0 overflow=0 console=0
studio.page.hq reduced-motion mobile: pass  axe=0 overflow=0 console=0
studio.page.hq reduced-motion desktop: pass  axe=0 overflow=0 console=0
studio.page.hq reduced-motion wide: pass  axe=0 overflow=0 console=0
studio.page.hq keyboard-only mobile: pass  axe=0 overflow=0 console=0
studio.page.hq keyboard-only tablet: pass  axe=0 overflow=0 console=0
studio.page.hq keyboard-only desktop: pass  axe=0 overflow=0 console=0
studio.page.hq keyboard-only wide: pass  axe=0 overflow=0 console=0
studio.page.hq-blueprint default mobile: pass  axe=0 overflow=0 console=0
studio.page.hq-blueprint default tablet: pass  axe=0 overflow=0 console=0
studio.page.hq-blueprint default wide: pass  axe=0 overflow=0 console=0
studio.page.hq-blueprint default desktop: pass  axe=0 overflow=0 console=0
studio.page.hq-blueprint empty tablet: pass  axe=0 overflow=0 console=0
studio.page.hq-blueprint empty mobile: pass  axe=0 overflow=0 console=0
studio.page.hq-blueprint empty desktop: pass  axe=0 overflow=0 console=0
studio.page.hq-blueprint empty wide: pass  axe=0 overflow=0 console=0
studio.page.hq-blueprint partial-failure mobile: pass  axe=0 overflow=0 console=0
studio.page.hq-blueprint partial-failure tablet: pass  axe=0 overflow=0 console=0
studio.page.hq-blueprint partial-failure wide: pass  axe=0 overflow=0 console=0
studio.page.hq-blueprint partial-failure desktop: pass  axe=0 overflow=0 console=0
studio.page.hq-blueprint error mobile: pass  axe=0 overflow=0 console=0
studio.page.hq-blueprint error tablet: pass  axe=0 overflow=0 console=0
studio.page.hq-blueprint error wide: pass  axe=0 overflow=0 console=0
studio.page.hq-blueprint error desktop: pass  axe=0 overflow=0 console=0
studio.page.hq-blueprint restricted tablet: pass  axe=0 overflow=0 console=0
studio.page.hq-blueprint restricted mobile: pass  axe=0 overflow=0 console=0
studio.page.hq-blueprint restricted wide: pass  axe=0 overflow=0 console=0
studio.page.hq-blueprint restricted desktop: pass  axe=0 overflow=0 console=0
studio.page.hq-blueprint disabled mobile: pass  axe=0 overflow=0 console=0
studio.page.hq-blueprint disabled tablet: pass  axe=0 overflow=0 console=0
studio.page.hq-blueprint disabled desktop: pass  axe=0 overflow=0 console=0
studio.page.hq-blueprint disabled wide: pass  axe=0 overflow=0 console=0
studio.page.hq-blueprint long-content mobile: pass  axe=0 overflow=0 console=0
studio.page.hq-blueprint long-content tablet: pass  axe=0 overflow=0 console=0
studio.page.hq-blueprint long-content desktop: pass  axe=0 overflow=0 console=0
studio.page.hq-blueprint long-content wide: pass  axe=0 overflow=0 console=0
studio.page.hq-blueprint reduced-motion mobile: pass  axe=0 overflow=0 console=0
studio.page.hq-blueprint reduced-motion tablet: pass  axe=0 overflow=0 console=0
studio.page.hq-blueprint reduced-motion desktop: pass  axe=0 overflow=0 console=0
studio.page.hq-blueprint reduced-motion wide: pass  axe=0 overflow=0 console=0
studio.page.hq-blueprint keyboard-only mobile: pass  axe=0 overflow=0 console=0
studio.page.hq-blueprint keyboard-only tablet: pass  axe=0 overflow=0 console=0
studio.page.hq-blueprint keyboard-only desktop: pass  axe=0 overflow=0 console=0
studio.page.hq-blueprint keyboard-only wide: pass  axe=0 overflow=0 console=0
studio.page.hq-entitlements default mobile: pass  axe=0 overflow=0 console=0
studio.page.hq-entitlements default tablet: pass  axe=0 overflow=0 console=0
studio.page.hq-entitlements default wide: pass  axe=0 overflow=0 console=0
studio.page.hq-entitlements default desktop: pass  axe=0 overflow=0 console=0
studio.page.hq-entitlements long-content mobile: pass  axe=0 overflow=0 console=0
studio.page.hq-entitlements long-content tablet: pass  axe=0 overflow=0 console=0
studio.page.hq-entitlements long-content wide: pass  axe=0 overflow=0 console=0
studio.page.hq-entitlements long-content desktop: pass  axe=0 overflow=0 console=0
studio.page.hq-entitlements reduced-motion mobile: pass  axe=0 overflow=0 console=0
studio.page.hq-entitlements reduced-motion tablet: pass  axe=0 overflow=0 console=0
studio.page.hq-entitlements reduced-motion wide: pass  axe=0 overflow=0 console=0
studio.page.hq-entitlements reduced-motion desktop: pass  axe=0 overflow=0 console=0
studio.page.hq-entitlements keyboard-only mobile: pass  axe=0 overflow=0 console=0
studio.page.hq-entitlements keyboard-only tablet: pass  axe=0 overflow=0 console=0
studio.page.hq-entitlements keyboard-only desktop: pass  axe=0 overflow=0 console=0
studio.page.hq-entitlements keyboard-only wide: pass  axe=0 overflow=0 console=0
studio.page.hq-financial-model default tablet: pass  axe=0 overflow=0 console=0
studio.page.hq-financial-model default mobile: pass  axe=0 overflow=0 console=0
studio.page.hq-financial-model default desktop: pass  axe=0 overflow=0 console=0
studio.page.hq-financial-model default wide: pass  axe=0 overflow=0 console=0
studio.page.hq-financial-model long-content tablet: pass  axe=0 overflow=0 console=0
studio.page.hq-financial-model long-content mobile: pass  axe=0 overflow=0 console=0
studio.page.hq-financial-model long-content desktop: pass  axe=0 overflow=0 console=0
studio.page.hq-financial-model long-content wide: pass  axe=0 overflow=0 console=0
studio.page.hq-financial-model reduced-motion mobile: pass  axe=0 overflow=0 console=0
studio.page.hq-financial-model reduced-motion tablet: pass  axe=0 overflow=0 console=0
studio.page.hq-financial-model reduced-motion desktop: pass  axe=0 overflow=0 console=0
studio.page.hq-financial-model reduced-motion wide: pass  axe=0 overflow=0 console=0
studio.page.hq-financial-model keyboard-only tablet: pass  axe=0 overflow=0 console=0
studio.page.hq-financial-model keyboard-only mobile: pass  axe=0 overflow=0 console=0
studio.page.hq-financial-model keyboard-only wide: pass  axe=0 overflow=0 console=0
studio.page.hq-financial-model keyboard-only desktop: pass  axe=0 overflow=0 console=0
studio.page.hq-founders-circle default mobile: pass  axe=0 overflow=0 console=0
studio.page.hq-founders-circle default tablet: pass  axe=0 overflow=0 console=0
studio.page.hq-founders-circle default desktop: pass  axe=0 overflow=0 console=0
studio.page.hq-founders-circle default wide: pass  axe=0 overflow=0 console=0
studio.page.hq-founders-circle long-content mobile: pass  axe=0 overflow=0 console=0
studio.page.hq-founders-circle long-content tablet: pass  axe=0 overflow=0 console=0
studio.page.hq-founders-circle long-content wide: pass  axe=0 overflow=0 console=0
studio.page.hq-founders-circle long-content desktop: pass  axe=0 overflow=0 console=0
node:internal/modules/run_main:107
    triggerUncaughtException(
    ^

AssertionError [ERR_ASSERTION]: {"scenario":"populated","synthetic":true,"providerCalls":0,"migrations":[{"id":"0001_venue_fulfilment","state":"applied"},{"id":"0002_usage_delivery","state":"applied"}],"expectedCash":2500,"verifiedReceipts":2}


3221225477 !== 0

    at seed (file:///C:/Users/ethan/signal-studio-workspace/worktrees/studio/verify-january-layout-composition/scripts/experience/january/capture.mjs:37:10)
    at file:///C:/Users/ethan/signal-studio-workspace/worktrees/studio/verify-january-layout-composition/scripts/experience/january/capture.mjs:48:23 {
  generatedMessage: false,
  code: 'ERR_ASSERTION',
  actual: 3221225477,
  expected: 0,
  operator: 'strictEqual',
  diff: 'simple'
}

Node.js v24.19.0
