studio.page.hq-access default/default mobile: PASS axe=0 overflow=0 console=0 
studio.page.hq-access default/default tablet: PASS axe=0 overflow=0 console=0 
studio.page.hq-access default/default wide: PASS axe=0 overflow=0 console=0 
studio.page.hq-access default/default desktop: PASS axe=0 overflow=0 console=0 
studio.page.hq-access long-content/default tablet: PASS axe=0 overflow=0 console=0 
studio.page.hq-access long-content/default mobile: PASS axe=0 overflow=0 console=0 
studio.page.hq-access long-content/default wide: PASS axe=0 overflow=0 console=0 
studio.page.hq-access long-content/default desktop: PASS axe=0 overflow=0 console=0 
studio.page.hq-access reduced-motion/default tablet: PASS axe=0 overflow=0 console=0 
studio.page.hq-access reduced-motion/default mobile: PASS axe=0 overflow=0 console=0 
studio.page.hq-access reduced-motion/default desktop: PASS axe=0 overflow=0 console=0 
studio.page.hq-access reduced-motion/default wide: PASS axe=0 overflow=0 console=0 
studio.page.hq-access keyboard-only/default mobile: PASS axe=0 overflow=0 console=0 
studio.page.hq-access keyboard-only/default tablet: PASS axe=0 overflow=0 console=0 
studio.page.hq-access keyboard-only/default wide: PASS axe=0 overflow=0 console=0 
studio.page.hq-access keyboard-only/default desktop: PASS axe=0 overflow=0 console=0 
studio.page.hq-access error/default tablet: PASS axe=0 overflow=0 console=0 
studio.page.hq-access error/default mobile: PASS axe=0 overflow=0 console=0 
studio.page.hq-access error/default wide: PASS axe=0 overflow=0 console=0 
studio.page.hq-access error/default desktop: PASS axe=0 overflow=0 console=0 
studio.page.hq-access disabled/default mobile: PASS axe=0 overflow=0 console=0 
studio.page.hq-access disabled/default tablet: PASS axe=0 overflow=0 console=0 
studio.page.hq-access disabled/default desktop: PASS axe=0 overflow=0 console=0 
studio.page.hq-access disabled/default wide: PASS axe=0 overflow=0 console=0 
studio.page.hq-atlas default/default mobile: PASS axe=0 overflow=0 console=0 
studio.page.hq-atlas default/default tablet: PASS axe=0 overflow=0 console=0 
studio.page.hq-atlas default/default wide: PASS axe=0 overflow=0 console=0 
studio.page.hq-atlas default/default desktop: PASS axe=0 overflow=0 console=0 
studio.page.hq-atlas long-content/default mobile: PASS axe=0 overflow=0 console=0 
studio.page.hq-atlas long-content/default tablet: PASS axe=0 overflow=0 console=0 
studio.page.hq-atlas long-content/default desktop: PASS axe=0 overflow=0 console=0 
studio.page.hq-atlas long-content/default wide: PASS axe=0 overflow=0 console=0 
studio.page.hq-atlas reduced-motion/default mobile: PASS axe=0 overflow=0 console=0 
studio.page.hq-atlas reduced-motion/default tablet: PASS axe=0 overflow=0 console=0 
studio.page.hq-atlas reduced-motion/default wide: PASS axe=0 overflow=0 console=0 
studio.page.hq-atlas reduced-motion/default desktop: PASS axe=0 overflow=0 console=0 
studio.page.hq-atlas keyboard-only/default mobile: PASS axe=0 overflow=0 console=0 
studio.page.hq-atlas keyboard-only/default tablet: PASS axe=0 overflow=0 console=0 
studio.page.hq-atlas keyboard-only/default wide: PASS axe=0 overflow=0 console=0 
studio.page.hq-atlas keyboard-only/default desktop: PASS axe=0 overflow=0 console=0 
studio.page.hq-atlas empty/default mobile: PASS axe=0 overflow=0 console=0 
studio.page.hq-atlas empty/default tablet: PASS axe=0 overflow=0 console=0 
studio.page.hq-atlas empty/default desktop: PASS axe=0 overflow=0 console=0 
studio.page.hq-atlas empty/default wide: PASS axe=0 overflow=0 console=0 
studio.page.hq-atlas-by-slug default/default mobile: PASS axe=0 overflow=0 console=0 
studio.page.hq-atlas-by-slug default/default tablet: PASS axe=0 overflow=0 console=0 
studio.page.hq-atlas-by-slug default/default desktop: PASS axe=0 overflow=0 console=0 
studio.page.hq-atlas-by-slug default/default wide: PASS axe=0 overflow=0 console=0 
studio.page.hq-atlas-by-slug long-content/default tablet: PASS axe=0 overflow=0 console=0 
studio.page.hq-atlas-by-slug long-content/default mobile: PASS axe=0 overflow=0 console=0 
studio.page.hq-atlas-by-slug long-content/default wide: PASS axe=0 overflow=0 console=0 
studio.page.hq-atlas-by-slug long-content/default desktop: PASS axe=0 overflow=0 console=0 
studio.page.hq-atlas-by-slug reduced-motion/default tablet: PASS axe=0 overflow=0 console=0 
studio.page.hq-atlas-by-slug reduced-motion/default mobile: PASS axe=0 overflow=0 console=0 
studio.page.hq-atlas-by-slug reduced-motion/default desktop: PASS axe=0 overflow=0 console=0 
studio.page.hq-atlas-by-slug reduced-motion/default wide: PASS axe=0 overflow=0 console=0 
studio.page.hq-atlas-by-slug keyboard-only/default mobile: PASS axe=0 overflow=0 console=0 
studio.page.hq-atlas-by-slug keyboard-only/default tablet: PASS axe=0 overflow=0 console=0 
studio.page.hq-atlas-by-slug keyboard-only/default desktop: PASS axe=0 overflow=0 console=0 
studio.page.hq-atlas-by-slug keyboard-only/default wide: PASS axe=0 overflow=0 console=0 
studio.page.hq-cards default/default tablet: PASS axe=0 overflow=0 console=0 
studio.page.hq-cards default/default mobile: PASS axe=0 overflow=0 console=0 
studio.page.hq-cards default/default wide: PASS axe=0 overflow=0 console=0 
studio.page.hq-cards default/default desktop: PASS axe=0 overflow=0 console=0 
studio.page.hq-cards long-content/default mobile: PASS axe=0 overflow=0 console=0 
studio.page.hq-cards long-content/default tablet: PASS axe=0 overflow=0 console=0 
studio.page.hq-cards long-content/default desktop: PASS axe=0 overflow=0 console=0 
studio.page.hq-cards long-content/default wide: PASS axe=0 overflow=0 console=0 
studio.page.hq-cards reduced-motion/default mobile: PASS axe=0 overflow=0 console=0 
studio.page.hq-cards reduced-motion/default tablet: PASS axe=0 overflow=0 console=0 
studio.page.hq-cards reduced-motion/default wide: PASS axe=0 overflow=0 console=0 
studio.page.hq-cards reduced-motion/default desktop: PASS axe=0 overflow=0 console=0 
studio.page.hq-cards keyboard-only/default mobile: PASS axe=0 overflow=0 console=0 
studio.page.hq-cards keyboard-only/default tablet: PASS axe=0 overflow=0 console=0 
studio.page.hq-cards keyboard-only/default desktop: PASS axe=0 overflow=0 console=0 
studio.page.hq-cards keyboard-only/default wide: PASS axe=0 overflow=0 console=0 
studio.page.hq-entitlements-by-lookup default/default tablet: PASS axe=0 overflow=0 console=0 
studio.page.hq-entitlements-by-lookup default/default mobile: PASS axe=0 overflow=0 console=0 
studio.page.hq-entitlements-by-lookup default/default wide: PASS axe=0 overflow=0 console=0 
studio.page.hq-entitlements-by-lookup default/default desktop: PASS axe=0 overflow=0 console=0 
studio.page.hq-entitlements-by-lookup long-content/default tablet: PASS axe=0 overflow=0 console=0 
studio.page.hq-entitlements-by-lookup long-content/default mobile: PASS axe=0 overflow=0 console=0 
studio.page.hq-entitlements-by-lookup long-content/default desktop: PASS axe=0 overflow=0 console=0 
studio.page.hq-entitlements-by-lookup long-content/default wide: PASS axe=0 overflow=0 console=0 
studio.page.hq-entitlements-by-lookup reduced-motion/default mobile: PASS axe=0 overflow=0 console=0 
studio.page.hq-entitlements-by-lookup reduced-motion/default tablet: PASS axe=0 overflow=0 console=0 
studio.page.hq-entitlements-by-lookup reduced-motion/default desktop: PASS axe=0 overflow=0 console=0 
studio.page.hq-entitlements-by-lookup reduced-motion/default wide: PASS axe=0 overflow=0 console=0 
studio.page.hq-entitlements-by-lookup keyboard-only/default mobile: PASS axe=0 overflow=0 console=0 
studio.page.hq-entitlements-by-lookup keyboard-only/default tablet: PASS axe=0 overflow=0 console=0 
studio.page.hq-entitlements-by-lookup keyboard-only/default wide: PASS axe=0 overflow=0 console=0 
studio.page.hq-entitlements-by-lookup keyboard-only/default desktop: PASS axe=0 overflow=0 console=0 
studio.page.hq-entitlements-by-lookup empty/default mobile: PASS axe=0 overflow=0 console=0 
studio.page.hq-entitlements-by-lookup empty/default tablet: PASS axe=0 overflow=0 console=0 
studio.page.hq-entitlements-by-lookup empty/default desktop: PASS axe=0 overflow=0 console=0 
studio.page.hq-entitlements-by-lookup empty/default wide: PASS axe=0 overflow=0 console=0 
studio.page.hq-entitlements-by-lookup error/default mobile: PASS axe=0 overflow=0 console=0 
studio.page.hq-entitlements-by-lookup error/default tablet: PASS axe=0 overflow=0 console=0 
studio.page.hq-entitlements-by-lookup error/default desktop: PASS axe=0 overflow=0 console=0 
studio.page.hq-entitlements-by-lookup error/default wide: PASS axe=0 overflow=0 console=0 
studio.page.hq-entitlements-by-lookup read-only/default mobile: PASS axe=0 overflow=0 console=0 
studio.page.hq-entitlements-by-lookup read-only/default tablet: PASS axe=0 overflow=0 console=0 
studio.page.hq-entitlements-by-lookup read-only/default wide: PASS axe=0 overflow=0 console=0 
studio.page.hq-entitlements-by-lookup read-only/default desktop: PASS axe=0 overflow=0 console=0 
studio.page.hq-entitlements-by-lookup disabled/default tablet: PASS axe=0 overflow=0 console=0 
studio.page.hq-entitlements-by-lookup disabled/default mobile: PASS axe=0 overflow=0 console=0 
studio.page.hq-entitlements-by-lookup disabled/default wide: PASS axe=0 overflow=0 console=0 
studio.page.hq-entitlements-by-lookup disabled/default desktop: PASS axe=0 overflow=0 console=0 
studio.page.hq-entitlements-by-lookup restricted/default tablet: PASS axe=0 overflow=0 console=0 
studio.page.hq-entitlements-by-lookup restricted/default mobile: PASS axe=0 overflow=0 console=0 
studio.page.hq-entitlements-by-lookup restricted/default desktop: PASS axe=0 overflow=0 console=0 
studio.page.hq-entitlements-by-lookup restricted/default wide: PASS axe=0 overflow=0 console=0 
studio.page.hq-experimentation-room default/default mobile: PASS axe=0 overflow=0 console=0 
studio.page.hq-experimentation-room default/default tablet: PASS axe=0 overflow=0 console=0 
studio.page.hq-experimentation-room default/default wide: PASS axe=0 overflow=0 console=0 
studio.page.hq-experimentation-room default/default desktop: PASS axe=0 overflow=0 console=0 
studio.page.hq-experimentation-room long-content/default mobile: PASS axe=0 overflow=0 console=0 
studio.page.hq-experimentation-room long-content/default tablet: PASS axe=0 overflow=0 console=0 
studio.page.hq-experimentation-room long-content/default desktop: PASS axe=0 overflow=0 console=0 
studio.page.hq-experimentation-room long-content/default wide: PASS axe=0 overflow=0 console=0 
studio.page.hq-experimentation-room reduced-motion/default mobile: PASS axe=0 overflow=0 console=0 
studio.page.hq-experimentation-room reduced-motion/default tablet: PASS axe=0 overflow=0 console=0 
studio.page.hq-experimentation-room reduced-motion/default desktop: PASS axe=0 overflow=0 console=0 
studio.page.hq-experimentation-room reduced-motion/default wide: PASS axe=0 overflow=0 console=0 
studio.page.hq-experimentation-room keyboard-only/default mobile: PASS axe=0 overflow=0 console=0 
studio.page.hq-experimentation-room keyboard-only/default tablet: PASS axe=0 overflow=0 console=0 
studio.page.hq-experimentation-room keyboard-only/default wide: PASS axe=0 overflow=0 console=0 
studio.page.hq-experimentation-room keyboard-only/default desktop: PASS axe=0 overflow=0 console=0 
studio.page.hq-health default/green mobile: PASS axe=0 overflow=0 console=0 
studio.page.hq-health default/green tablet: PASS axe=0 overflow=0 console=0 
studio.page.hq-health default/green desktop: PASS axe=0 overflow=0 console=0 
studio.page.hq-health default/green wide: PASS axe=0 overflow=0 console=0 
studio.page.hq-health default/amber mobile: PASS axe=0 overflow=0 console=0 
studio.page.hq-health default/amber tablet: PASS axe=0 overflow=0 console=0 
studio.page.hq-health default/amber wide: PASS axe=0 overflow=0 console=0 
studio.page.hq-health default/amber desktop: PASS axe=0 overflow=0 console=0 
studio.page.hq-health default/red-stale mobile: PASS axe=0 overflow=0 console=0 
studio.page.hq-health default/red-stale tablet: PASS axe=0 overflow=0 console=0 
studio.page.hq-health default/red-stale desktop: PASS axe=0 overflow=0 console=0 
studio.page.hq-health default/red-stale wide: PASS axe=0 overflow=0 console=0 
studio.page.hq-health default/red-failed mobile: PASS axe=0 overflow=0 console=0 
studio.page.hq-health default/red-failed tablet: PASS axe=0 overflow=0 console=0 
studio.page.hq-health default/red-failed wide: PASS axe=0 overflow=0 console=0 
studio.page.hq-health default/red-failed desktop: PASS axe=0 overflow=0 console=0 
studio.page.hq-health default/unread mobile: PASS axe=0 overflow=0 console=0 
studio.page.hq-health default/unread tablet: PASS axe=0 overflow=0 console=0 
studio.page.hq-health default/unread desktop: PASS axe=0 overflow=0 console=0 
studio.page.hq-health default/unread wide: PASS axe=0 overflow=0 console=0 
studio.page.hq-health long-content/default mobile: PASS axe=0 overflow=0 console=0 
studio.page.hq-health long-content/default tablet: PASS axe=0 overflow=0 console=0 
studio.page.hq-health long-content/default desktop: PASS axe=0 overflow=0 console=0 
studio.page.hq-health long-content/default wide: PASS axe=0 overflow=0 console=0 
studio.page.hq-health reduced-motion/default mobile: PASS axe=0 overflow=0 console=0 
studio.page.hq-health reduced-motion/default tablet: PASS axe=0 overflow=0 console=0 
studio.page.hq-health reduced-motion/default wide: PASS axe=0 overflow=0 console=0 
studio.page.hq-health reduced-motion/default desktop: PASS axe=0 overflow=0 console=0 
studio.page.hq-health keyboard-only/default mobile: PASS axe=0 overflow=0 console=0 
studio.page.hq-health keyboard-only/default tablet: PASS axe=0 overflow=0 console=0 
studio.page.hq-health keyboard-only/default wide: PASS axe=0 overflow=0 console=0 
studio.page.hq-health keyboard-only/default desktop: PASS axe=0 overflow=0 console=0 
studio.page.hq-health empty/default mobile: PASS axe=0 overflow=0 console=0 
studio.page.hq-health empty/default tablet: PASS axe=0 overflow=0 console=0 
studio.page.hq-health empty/default desktop: PASS axe=0 overflow=0 console=0 
studio.page.hq-health empty/default wide: PASS axe=0 overflow=0 console=0 
studio.page.hq-marketing default/ideas mobile: PASS axe=0 overflow=0 console=0 
studio.page.hq-marketing default/ideas tablet: PASS axe=0 overflow=0 console=0 
studio.page.hq-marketing default/ideas desktop: PASS axe=0 overflow=0 console=0 
studio.page.hq-marketing default/ideas wide: PASS axe=0 overflow=0 console=0 
studio.page.hq-marketing default/week-empty tablet: PASS axe=0 overflow=0 console=0 
studio.page.hq-marketing default/week-empty mobile: PASS axe=0 overflow=0 console=0 
studio.page.hq-marketing default/week-empty desktop: PASS axe=0 overflow=0 console=0 
studio.page.hq-marketing default/week-empty wide: PASS axe=0 overflow=0 console=0 
studio.page.hq-marketing default/timeline tablet: PASS axe=0 overflow=0 console=0 
studio.page.hq-marketing default/timeline mobile: PASS axe=0 overflow=0 console=0 
studio.page.hq-marketing default/timeline wide: PASS axe=0 overflow=0 console=0 
studio.page.hq-marketing default/timeline desktop: PASS axe=0 overflow=0 console=0 
studio.page.hq-marketing default/engine mobile: PASS axe=0 overflow=0 console=0 
studio.page.hq-marketing default/engine tablet: PASS axe=0 overflow=0 console=0 
studio.page.hq-marketing default/engine desktop: PASS axe=0 overflow=0 console=0 
studio.page.hq-marketing default/engine wide: PASS axe=0 overflow=0 console=0 
studio.page.hq-marketing default/ledger-empty mobile: PASS axe=0 overflow=0 console=0 
studio.page.hq-marketing default/ledger-empty tablet: PASS axe=0 overflow=0 console=0 
studio.page.hq-marketing default/ledger-empty wide: PASS axe=0 overflow=0 console=0 
studio.page.hq-marketing default/ledger-empty desktop: PASS axe=0 overflow=0 console=0 
studio.page.hq-marketing long-content/default mobile: PASS axe=0 overflow=0 console=0 
studio.page.hq-marketing long-content/default tablet: PASS axe=0 overflow=0 console=0 
studio.page.hq-marketing long-content/default desktop: PASS axe=0 overflow=0 console=0 
studio.page.hq-marketing long-content/default wide: PASS axe=0 overflow=0 console=0 
studio.page.hq-marketing reduced-motion/default tablet: PASS axe=0 overflow=0 console=0 
studio.page.hq-marketing reduced-motion/default mobile: PASS axe=0 overflow=0 console=0 
studio.page.hq-marketing reduced-motion/default desktop: PASS axe=0 overflow=0 console=0 
studio.page.hq-marketing reduced-motion/default wide: PASS axe=0 overflow=0 console=0 
studio.page.hq-marketing keyboard-only/default mobile: PASS axe=0 overflow=0 console=0 
studio.page.hq-marketing keyboard-only/default tablet: PASS axe=0 overflow=0 console=0 
studio.page.hq-marketing keyboard-only/default wide: PASS axe=0 overflow=0 console=0 
studio.page.hq-marketing keyboard-only/default desktop: PASS axe=0 overflow=0 console=0 
studio.page.hq-marketing empty/default mobile: PASS axe=0 overflow=0 console=0 
studio.page.hq-marketing empty/default tablet: PASS axe=0 overflow=0 console=0 
studio.page.hq-marketing empty/default wide: PASS axe=0 overflow=0 console=0 
studio.page.hq-marketing empty/default desktop: PASS axe=0 overflow=0 console=0 
studio.page.hq-marketing error/default mobile: PASS axe=0 overflow=0 console=0 
studio.page.hq-marketing error/default tablet: PASS axe=0 overflow=0 console=0 
studio.page.hq-marketing error/default desktop: PASS axe=0 overflow=0 console=0 
studio.page.hq-marketing error/default wide: PASS axe=0 overflow=0 console=0 
studio.page.hq-marketing populated/queue mobile: PASS axe=0 overflow=0 console=0 
studio.page.hq-marketing populated/queue tablet: PASS axe=0 overflow=0 console=0 
studio.page.hq-marketing populated/queue desktop: PASS axe=0 overflow=0 console=0 
studio.page.hq-marketing populated/queue wide: PASS axe=0 overflow=0 console=0 
studio.page.hq-marketing populated/ledger mobile: PASS axe=0 overflow=0 console=0 
studio.page.hq-marketing populated/ledger tablet: PASS axe=0 overflow=0 console=0 
studio.page.hq-marketing populated/ledger desktop: PASS axe=0 overflow=0 console=0 
studio.page.hq-marketing populated/ledger wide: PASS axe=0 overflow=0 console=0 
studio.page.hq-org-by-slug default/default mobile: PASS axe=0 overflow=0 console=0 
studio.page.hq-org-by-slug default/default tablet: PASS axe=0 overflow=0 console=0 
studio.page.hq-org-by-slug default/default wide: PASS axe=0 overflow=0 console=0 
studio.page.hq-org-by-slug default/default desktop: PASS axe=0 overflow=0 console=0 
studio.page.hq-org-by-slug long-content/default mobile: PASS axe=0 overflow=0 console=0 
studio.page.hq-org-by-slug long-content/default tablet: PASS axe=0 overflow=0 console=0 
studio.page.hq-org-by-slug long-content/default desktop: PASS axe=0 overflow=0 console=0 
studio.page.hq-org-by-slug long-content/default wide: PASS axe=0 overflow=0 console=0 
studio.page.hq-org-by-slug reduced-motion/default tablet: PASS axe=0 overflow=0 console=0 
studio.page.hq-org-by-slug reduced-motion/default mobile: PASS axe=0 overflow=0 console=0 
studio.page.hq-org-by-slug reduced-motion/default desktop: PASS axe=0 overflow=0 console=0 
studio.page.hq-org-by-slug reduced-motion/default wide: PASS axe=0 overflow=0 console=0 
studio.page.hq-org-by-slug keyboard-only/default mobile: PASS axe=0 overflow=0 console=0 
studio.page.hq-org-by-slug keyboard-only/default tablet: PASS axe=0 overflow=0 console=0 
studio.page.hq-org-by-slug keyboard-only/default wide: PASS axe=0 overflow=0 console=0 
studio.page.hq-org-by-slug keyboard-only/default desktop: PASS axe=0 overflow=0 console=0 
studio.page.hq-org-by-slug restricted/default mobile: PASS axe=0 overflow=0 console=0 
studio.page.hq-org-by-slug restricted/default tablet: PASS axe=0 overflow=0 console=0 
studio.page.hq-org-by-slug restricted/default desktop: PASS axe=0 overflow=0 console=0 
studio.page.hq-org-by-slug restricted/default wide: PASS axe=0 overflow=0 console=0 
studio.page.hq-platform-readiness default/default mobile: PASS axe=0 overflow=0 console=0 
studio.page.hq-platform-readiness default/default tablet: PASS axe=0 overflow=0 console=0 
studio.page.hq-platform-readiness default/default wide: PASS axe=0 overflow=0 console=0 
studio.page.hq-platform-readiness default/default desktop: PASS axe=0 overflow=0 console=0 
studio.page.hq-platform-readiness long-content/default mobile: PASS axe=0 overflow=0 console=0 
studio.page.hq-platform-readiness long-content/default tablet: PASS axe=0 overflow=0 console=0 
studio.page.hq-platform-readiness long-content/default wide: PASS axe=0 overflow=0 console=0 
studio.page.hq-platform-readiness long-content/default desktop: PASS axe=0 overflow=0 console=0 
studio.page.hq-platform-readiness reduced-motion/default mobile: PASS axe=0 overflow=0 console=0 
studio.page.hq-platform-readiness reduced-motion/default tablet: PASS axe=0 overflow=0 console=0 
studio.page.hq-platform-readiness reduced-motion/default desktop: PASS axe=0 overflow=0 console=0 
studio.page.hq-platform-readiness reduced-motion/default wide: PASS axe=0 overflow=0 console=0 
studio.page.hq-platform-readiness keyboard-only/default tablet: PASS axe=0 overflow=0 console=0 
studio.page.hq-platform-readiness keyboard-only/default mobile: PASS axe=0 overflow=0 console=0 
studio.page.hq-platform-readiness keyboard-only/default wide: PASS axe=0 overflow=0 console=0 
studio.page.hq-platform-readiness keyboard-only/default desktop: PASS axe=0 overflow=0 console=0 
studio.page.hq-product-hero-design-motion default/default tablet: PASS axe=0 overflow=0 console=0 
studio.page.hq-product-hero-design-motion default/default mobile: PASS axe=0 overflow=0 console=0 
studio.page.hq-product-hero-design-motion default/default desktop: PASS axe=0 overflow=0 console=0 
studio.page.hq-product-hero-design-motion default/default wide: PASS axe=0 overflow=0 console=0 
studio.page.hq-product-hero-design-motion long-content/default mobile: PASS axe=0 overflow=0 console=0 
studio.page.hq-product-hero-design-motion long-content/default tablet: PASS axe=0 overflow=0 console=0 
studio.page.hq-product-hero-design-motion long-content/default desktop: PASS axe=0 overflow=0 console=0 
studio.page.hq-product-hero-design-motion long-content/default wide: PASS axe=0 overflow=0 console=0 
studio.page.hq-product-hero-design-motion reduced-motion/default tablet: PASS axe=0 overflow=0 console=0 
studio.page.hq-product-hero-design-motion reduced-motion/default mobile: PASS axe=0 overflow=0 console=0 
studio.page.hq-product-hero-design-motion reduced-motion/default desktop: PASS axe=0 overflow=0 console=0 
studio.page.hq-product-hero-design-motion reduced-motion/default wide: PASS axe=0 overflow=0 console=0 
studio.page.hq-product-hero-design-motion keyboard-only/default tablet: PASS axe=0 overflow=0 console=0 
studio.page.hq-product-hero-design-motion keyboard-only/default mobile: PASS axe=0 overflow=0 console=0 
studio.page.hq-product-hero-design-motion keyboard-only/default wide: PASS axe=0 overflow=0 console=0 
studio.page.hq-product-hero-design-motion keyboard-only/default desktop: PASS axe=0 overflow=0 console=0 
studio.page.hq-socials default/default tablet: PASS axe=0 overflow=0 console=0 
studio.page.hq-socials default/default mobile: PASS axe=0 overflow=0 console=0 
studio.page.hq-socials default/default wide: PASS axe=0 overflow=0 console=0 
studio.page.hq-socials default/default desktop: PASS axe=0 overflow=0 console=0 
studio.page.hq-socials long-content/default tablet: PASS axe=0 overflow=0 console=0 
studio.page.hq-socials long-content/default mobile: PASS axe=0 overflow=0 console=0 
studio.page.hq-socials long-content/default desktop: PASS axe=0 overflow=0 console=0 
studio.page.hq-socials long-content/default wide: PASS axe=0 overflow=0 console=0 
studio.page.hq-socials reduced-motion/default tablet: PASS axe=0 overflow=0 console=0 
studio.page.hq-socials reduced-motion/default mobile: PASS axe=0 overflow=0 console=0 
studio.page.hq-socials reduced-motion/default desktop: PASS axe=0 overflow=0 console=0 
studio.page.hq-socials reduced-motion/default wide: PASS axe=0 overflow=0 console=0 
studio.page.hq-socials keyboard-only/default mobile: PASS axe=0 overflow=0 console=0 
studio.page.hq-socials keyboard-only/default tablet: PASS axe=0 overflow=0 console=0 
studio.page.hq-socials keyboard-only/default wide: PASS axe=0 overflow=0 console=0 
studio.page.hq-socials keyboard-only/default desktop: PASS axe=0 overflow=0 console=0 
studio.page.hq-venues default/default tablet: PASS axe=0 overflow=0 console=0 
studio.page.hq-venues default/default mobile: PASS axe=0 overflow=0 console=0 
studio.page.hq-venues default/default desktop: PASS axe=0 overflow=0 console=0 
studio.page.hq-venues default/default wide: PASS axe=0 overflow=0 console=0 
studio.page.hq-venues long-content/default mobile: PASS axe=0 overflow=0 console=0 
studio.page.hq-venues long-content/default tablet: PASS axe=0 overflow=0 console=0 
studio.page.hq-venues long-content/default desktop: PASS axe=0 overflow=0 console=0 
studio.page.hq-venues long-content/default wide: PASS axe=0 overflow=0 console=0 
studio.page.hq-venues reduced-motion/default mobile: PASS axe=0 overflow=0 console=0 
studio.page.hq-venues reduced-motion/default tablet: PASS axe=0 overflow=0 console=0 
studio.page.hq-venues reduced-motion/default desktop: PASS axe=0 overflow=0 console=0 
studio.page.hq-venues reduced-motion/default wide: PASS axe=0 overflow=0 console=0 
studio.page.hq-venues keyboard-only/default mobile: PASS axe=0 overflow=0 console=0 
studio.page.hq-venues keyboard-only/default tablet: PASS axe=0 overflow=0 console=0 
studio.page.hq-venues keyboard-only/default desktop: PASS axe=0 overflow=0 console=0 
studio.page.hq-venues keyboard-only/default wide: PASS axe=0 overflow=0 console=0 
studio.page.hq-waitlist empty/default mobile: PASS axe=0 overflow=0 console=0 
studio.page.hq-waitlist empty/default tablet: PASS axe=0 overflow=0 console=0 
studio.page.hq-waitlist empty/default desktop: PASS axe=0 overflow=0 console=0 
studio.page.hq-waitlist empty/default wide: PASS axe=0 overflow=0 console=0 
studio.page.hq-waitlist populated/default tablet: PASS axe=0 overflow=0 console=0 
studio.page.hq-waitlist populated/default mobile: PASS axe=0 overflow=0 console=0 
studio.page.hq-waitlist populated/default desktop: PASS axe=0 overflow=0 console=0 
studio.page.hq-waitlist populated/default wide: PASS axe=0 overflow=0 console=0 
studio.page.hq-waitlist error/default mobile: PASS axe=0 overflow=0 console=0 
studio.page.hq-waitlist error/default tablet: PASS axe=0 overflow=0 console=0 
studio.page.hq-waitlist error/default desktop: PASS axe=0 overflow=0 console=0 
studio.page.hq-waitlist error/default wide: PASS axe=0 overflow=0 console=0 
studio.page.hq-waitlist restricted/default mobile: PASS axe=0 overflow=0 console=0 
studio.page.hq-waitlist restricted/default tablet: PASS axe=0 overflow=0 console=0 
studio.page.hq-waitlist restricted/default desktop: PASS axe=0 overflow=0 console=0 
studio.page.hq-waitlist restricted/default wide: PASS axe=0 overflow=0 console=0 
studio.page.hq-waitlist dense/default tablet: PASS axe=0 overflow=0 console=0 
studio.page.hq-waitlist dense/default mobile: PASS axe=0 overflow=0 console=0 
studio.page.hq-waitlist dense/default wide: PASS axe=0 overflow=0 console=0 
studio.page.hq-waitlist dense/default desktop: PASS axe=0 overflow=0 console=0 
studio.page.hq-waitlist long-content/default mobile: PASS axe=0 overflow=0 console=0 
studio.page.hq-waitlist long-content/default tablet: PASS axe=0 overflow=0 console=0 
studio.page.hq-waitlist long-content/default wide: PASS axe=0 overflow=0 console=0 
studio.page.hq-waitlist long-content/default desktop: PASS axe=0 overflow=0 console=0 
studio.page.hq-waitlist reduced-motion/default mobile: PASS axe=0 overflow=0 console=0 
studio.page.hq-waitlist reduced-motion/default tablet: PASS axe=0 overflow=0 console=0 
studio.page.hq-waitlist reduced-motion/default desktop: PASS axe=0 overflow=0 console=0 
studio.page.hq-waitlist reduced-motion/default wide: PASS axe=0 overflow=0 console=0 
studio.page.hq-waitlist keyboard-only/default mobile: PASS axe=0 overflow=0 console=0 
studio.page.hq-waitlist keyboard-only/default tablet: PASS axe=0 overflow=0 console=0 
studio.page.hq-waitlist keyboard-only/default desktop: PASS axe=0 overflow=0 console=0 
studio.page.hq-waitlist keyboard-only/default wide: PASS axe=0 overflow=0 console=0 
Manifest: experience\reviews\january-studio14-final-2026-09-05\capture-2026-09-05T06-14-36-024Z\manifest.json
