▲ Next.js 16.2.5 (Turbopack)
- Local:         http://127.0.0.1:3100
- Network:       http://127.0.0.1:3100
✓ Ready in 13.6s
- Experiments (use with caution):
  · optimizePackageImports

○ Compiling / ...
 GET / 200 in 14.0s (next.js: 12.3s, proxy.ts: 605ms, application-code: 1073ms)
 GET / 200 in 298ms (next.js: 15ms, proxy.ts: 12ms, application-code: 271ms)
 GET / 200 in 267ms (next.js: 6ms, proxy.ts: 12ms, application-code: 249ms)
 GET /icon?e99a66519efb51f3 200 in 2.2s (next.js: 580ms, proxy.ts: 9ms, application-code: 1654ms)
 GET / 200 in 434ms (next.js: 217ms, proxy.ts: 10ms, application-code: 207ms)
 GET /icon?e99a66519efb51f3 200 in 25ms (next.js: 3ms, proxy.ts: 8ms, application-code: 13ms)
✓ Compiled in 481ms
✓ Compiled in 421ms
 GET / 200 in 257ms (next.js: 10ms, proxy.ts: 9ms, application-code: 238ms)
 GET /icon?e99a66519efb51f3 200 in 26ms (next.js: 5ms, proxy.ts: 8ms, application-code: 12ms)
✓ Compiled in 464ms
 GET / 200 in 1076ms (next.js: 190ms, proxy.ts: 278ms, application-code: 608ms)
 GET / 200 in 468ms (next.js: 5ms, proxy.ts: 23ms, application-code: 439ms)
 GET / 200 in 376ms (next.js: 24ms, proxy.ts: 32ms, application-code: 320ms)
 GET / 200 in 373ms (next.js: 131ms, proxy.ts: 40ms, application-code: 202ms)
 GET / 200 in 377ms (next.js: 60ms, proxy.ts: 36ms, application-code: 281ms)
 GET / 200 in 376ms (next.js: 101ms, proxy.ts: 38ms, application-code: 237ms)
 GET /icon?e99a66519efb51f3 200 in 44ms (next.js: 27ms, proxy.ts: 5ms, application-code: 12ms)
 GET /icon?e99a66519efb51f3 200 in 20ms (next.js: 3ms, proxy.ts: 6ms, application-code: 10ms)
 GET /icon?e99a66519efb51f3 200 in 17ms (next.js: 3ms, proxy.ts: 5ms, application-code: 9ms)
 GET / 200 in 549ms (next.js: 5ms, proxy.ts: 8ms, application-code: 537ms)
 GET /icon?e99a66519efb51f3 200 in 30ms (next.js: 5ms, proxy.ts: 9ms, application-code: 16ms)
✓ Compiled in 532ms
 GET / 200 in 565ms (next.js: 204ms, proxy.ts: 92ms, application-code: 268ms)
 GET / 200 in 102ms (next.js: 4ms, proxy.ts: 21ms, application-code: 77ms)
 GET /icon?e99a66519efb51f3 200 in 89ms (next.js: 68ms, proxy.ts: 5ms, application-code: 17ms)
 GET /icon?e99a66519efb51f3 200 in 18ms (next.js: 3ms, proxy.ts: 5ms, application-code: 10ms)
 GET /icon?e99a66519efb51f3 200 in 22ms (next.js: 7ms, proxy.ts: 5ms, application-code: 9ms)
✓ Compiled in 507ms
 GET / 200 in 461ms (next.js: 5ms, proxy.ts: 4ms, application-code: 452ms)
 GET /icon?e99a66519efb51f3 200 in 23ms (next.js: 3ms, proxy.ts: 7ms, application-code: 13ms)
 GET / 200 in 585ms (next.js: 362ms, proxy.ts: 6ms, application-code: 216ms)
 GET /icon?e99a66519efb51f3 200 in 23ms (next.js: 4ms, proxy.ts: 8ms, application-code: 12ms)
 GET /icon 200 in 20ms (next.js: 5ms, proxy.ts: 6ms, application-code: 9ms)
 GET /apple-icon 200 in 243ms (next.js: 227ms, proxy.ts: 5ms, application-code: 11ms)
 GET /icon1 200 in 243ms (next.js: 220ms, proxy.ts: 7ms, application-code: 16ms)
