TAP version 13
# [access-anomaly] bulk_cap op-test mint refused for sp-capped: 1 requested, 0 remaining
# [access-anomaly] bulk_cap op-test mint refused for sp-nullcap: 1 requested, 0 remaining
# [access-anomaly] fair_use op-test sp-fairuse issuance 3 crosses its fair-use ceiling 2 this term. Issuing anyway — unlimited means unlimited.
# [access-anomaly] invalid_terms - venue_edition code terms 'wedding/365'
# [access-anomaly] invalid_terms - venue_edition code terms 'wedding/null'
# [access-anomaly] invalid_terms - venue_edition code terms 'studio/548'
# Subtest: mintLicenseCodes · allotment
    # Subtest: still refuses a limited venue with no headroom
    ok 1 - still refuses a limited venue with no headroom
      ---
      duration_ms: 38.384
      type: 'test'
      ...
    # Subtest: still refuses a limited venue with a null allotment
    ok 2 - still refuses a limited venue with a null allotment
      ---
      duration_ms: 10.4918
      type: 'test'
      ...
    # Subtest: R-016: an unlimited venue mints past any cap, repeatedly
    ok 3 - R-016: an unlimited venue mints past any cap, repeatedly
      ---
      duration_ms: 48.3045
      type: 'test'
      ...
    # Subtest: D-020: crossing the fair-use ceiling alerts and still issues
    ok 4 - D-020: crossing the fair-use ceiling alerts and still issues
      ---
      duration_ms: 23.0355
      type: 'test'
      ...
    # Subtest: stays quiet below the ceiling
    ok 5 - stays quiet below the ceiling
      ---
      duration_ms: 16.1367
      type: 'test'
      ...
    1..5
ok 1 - mintLicenseCodes · allotment
  ---
  duration_ms: 1316.2205
  type: 'suite'
  ...
# Subtest: mintLicenseCodes · Venue Edition terms
    # Subtest: D-022: accepts a computed duration longer than the floor
    ok 1 - D-022: accepts a computed duration longer than the floor
      ---
      duration_ms: 20.5616
      type: 'test'
      ...
    # Subtest: refuses anything shorter than the ratified 548 days
    ok 2 - refuses anything shorter than the ratified 548 days
      ---
      duration_ms: 7.2144
      type: 'test'
      ...
    # Subtest: refuses a null duration rather than granting perpetual access
    ok 3 - refuses a null duration rather than granting perpetual access
      ---
      duration_ms: 7.1943
      type: 'test'
      ...
    # Subtest: refuses the wrong tier
    ok 4 - refuses the wrong tier
      ---
      duration_ms: 6.4922
      type: 'test'
      ...
    1..4
ok 2 - mintLicenseCodes · Venue Edition terms
  ---
  duration_ms: 42.2269
  type: 'suite'
  ...
# Subtest: redeemLicenseCode · access term
    # Subtest: R-015: a long-lead wedding survives to 90 days past the day
    ok 1 - R-015: a long-lead wedding survives to 90 days past the day
      ---
      duration_ms: 39.1854
      type: 'test'
      ...
    # Subtest: falls back to the 548-day floor when no date is given
    ok 2 - falls back to the 548-day floor when no date is given
      ---
      duration_ms: 25.1372
      type: 'test'
      ...
    # Subtest: keeps a longer minted duration when the couple gives no date
    ok 3 - keeps a longer minted duration when the couple gives no date
      ---
      duration_ms: 27.8389
      type: 'test'
      ...
    # Subtest: ignores an unparseable date rather than shortening the term
    ok 4 - ignores an unparseable date rather than shortening the term
      ---
      duration_ms: 27.6154
      type: 'test'
      ...
    1..4
ok 3 - redeemLicenseCode · access term
  ---
  duration_ms: 120.361
  type: 'suite'
  ...
# Subtest: setCoupleWeddingDate
    # Subtest: extends access when a date arrives after redemption
    ok 1 - extends access when a date arrives after redemption
      ---
      duration_ms: 47.8394
      type: 'test'
      ...
    # Subtest: extends on postponement
    ok 2 - extends on postponement
      ---
      duration_ms: 35.2
      type: 'test'
      ...
    # Subtest: never shortens when the date moves earlier
    ok 3 - never shortens when the date moves earlier
      ---
      duration_ms: 36.2082
      type: 'test'
      ...
    # Subtest: never shortens when the date is cleared
    ok 4 - never shortens when the date is cleared
      ---
      duration_ms: 33.1331
      type: 'test'
      ...
    # Subtest: is idempotent
    ok 5 - is idempotent
      ---
      duration_ms: 29.7572
      type: 'test'
      ...
    # Subtest: writes an extend event that carries no wedding date
    ok 6 - writes an extend event that carries no wedding date
      ---
      duration_ms: 27.5198
      type: 'test'
      ...
    # Subtest: refuses a malformed date
    ok 7 - refuses a malformed date
      ---
      duration_ms: 18.78
      type: 'test'
      ...
    # Subtest: refuses a non-sponsored entitlement
    ok 8 - refuses a non-sponsored entitlement
      ---
      duration_ms: 7.1092
      type: 'test'
      ...
    # Subtest: reports a missing entitlement rather than throwing
    ok 9 - reports a missing entitlement rather than throwing
      ---
      duration_ms: 1.4638
      type: 'test'
      ...
    1..9
ok 4 - setCoupleWeddingDate
  ---
  duration_ms: 247.5768
  type: 'suite'
  ...
# Subtest: assignFoundingNumber
    # Subtest: gives the first paid founding venue 01/25
    ok 1 - gives the first paid founding venue 01/25
      ---
      duration_ms: 34.9112
      type: 'test'
      ...
    # Subtest: gives the next venue the next place
    ok 2 - gives the next venue the next place
      ---
      duration_ms: 17.4447
      type: 'test'
      ...
    # Subtest: refuses before the payment clears
    ok 3 - refuses before the payment clears
      ---
      duration_ms: 8.9415
      type: 'test'
      ...
    # Subtest: refuses a venue that is not on the founding plan
    ok 4 - refuses a venue that is not on the founding plan
      ---
      duration_ms: 5.6996
      type: 'test'
      ...
    # Subtest: is idempotent — a second call returns the same number, not a second one
    ok 5 - is idempotent — a second call returns the same number, not a second one
      ---
      duration_ms: 1.201
      type: 'test'
      ...
    # Subtest: skips a number already held and never reissues it
    ok 6 - skips a number already held and never reissues it
      ---
      duration_ms: 20.7561
      type: 'test'
      ...
    # Subtest: records the assignment in the audit ledger
    ok 7 - records the assignment in the audit ledger
      ---
      duration_ms: 1.0208
      type: 'test'
      ...
    1..7
ok 5 - assignFoundingNumber
  ---
  duration_ms: 1190.3979
  type: 'suite'
  ...
# Subtest: the unique index is the real guarantee
    # Subtest: the database refuses a duplicate number outright
    ok 1 - the database refuses a duplicate number outright
      ---
      duration_ms: 23.661
      type: 'test'
      ...
    # Subtest: any number of venues may hold no number at all
    ok 2 - any number of venues may hold no number at all
      ---
      duration_ms: 60.373
      type: 'test'
      ...
    # Subtest: a run of assignments never repeats a number
    ok 3 - a run of assignments never repeats a number
      ---
      duration_ms: 149.4601
      type: 'test'
      ...
    # Subtest: recognises the two recoverable failures through drizzle's wrapper
    ok 4 - recognises the two recoverable failures through drizzle's wrapper
      ---
      duration_ms: 0.7302
      type: 'test'
      ...
    1..4
ok 6 - the unique index is the real guarantee
  ---
  duration_ms: 235.0839
  type: 'suite'
  ...
# Subtest: withdrawFoundingNumber
    # Subtest: returns the place to the pool on a reversed payment
    ok 1 - returns the place to the pool on a reversed payment
      ---
      duration_ms: 21.6155
      type: 'test'
      ...
    # Subtest: requires a reason, because the venue is told
    ok 2 - requires a reason, because the venue is told
      ---
      duration_ms: 6.1385
      type: 'test'
      ...
    # Subtest: records the withdrawal and its reason in the audit ledger
    ok 3 - records the withdrawal and its reason in the audit ledger
      ---
      duration_ms: 1.0022
      type: 'test'
      ...
    # Subtest: reports a venue that holds no number rather than throwing
    ok 4 - reports a venue that holds no number rather than throwing
      ---
      duration_ms: 7.925
      type: 'test'
      ...
    1..4
ok 7 - withdrawFoundingNumber
  ---
  duration_ms: 37.0681
  type: 'suite'
  ...
# Subtest: programme status
    # Subtest: reports places honestly, for scarcity claims
    ok 1 - reports places honestly, for scarcity claims
      ---
      duration_ms: 1.9789
      type: 'test'
      ...
    1..1
ok 8 - programme status
  ---
  duration_ms: 2.1667
  type: 'suite'
  ...
# Subtest: populated legacy paid rows and plan choices do not pass cash or paid proof
ok 9 - populated legacy paid rows and plan choices do not pass cash or paid proof
  ---
  duration_ms: 321.5237
  type: 'test'
  ...
# Subtest: real payment receipts feed exact cash through traction, proof and all report projections
ok 10 - real payment receipts feed exact cash through traction, proof and all report projections
  ---
  duration_ms: 176.2859
  type: 'test'
  ...
# Subtest: canonical receipt remains proof when the Studio mirror write fails
ok 11 - canonical receipt remains proof when the Studio mirror write fails
  ---
  duration_ms: 95.8954
  type: 'test'
  ...
# Subtest: superseded annual receipts count only the current financial record once
ok 12 - superseded annual receipts count only the current financial record once
  ---
  duration_ms: 130.4068
  type: 'test'
  ...
# Subtest: every current financial field must still match the payment receipt
ok 13 - every current financial field must still match the payment receipt
  ---
  duration_ms: 183.0115
  type: 'test'
  ...
# Subtest: malformed, misbound, future and corrupted receipts cannot verify a paid claim
ok 14 - malformed, misbound, future and corrupted receipts cannot verify a paid claim
  ---
  duration_ms: 198.0072
  type: 'test'
  ...
# Subtest: an unread canonical audit cannot fall back to the populated Studio paid mirror
ok 15 - an unread canonical audit cannot fall back to the populated Studio paid mirror
  ---
  duration_ms: 111.116
  type: 'test'
  ...
# Subtest: cash and populated January CRM contacts cannot start a clock or authorise outreach
ok 16 - cash and populated January CRM contacts cannot start a clock or authorise outreach
  ---
  duration_ms: 127.8225
  type: 'test'
  ...
# Subtest: selecting a paid plan creates no payment, and onboarding preserves paid financial history
ok 17 - selecting a paid plan creates no payment, and onboarding preserves paid financial history
  ---
  duration_ms: 121.6889
  type: 'test'
  ...
# Subtest: re-onboarding an unpaid venue remains unpaid and limited allotment deltas stay correct
ok 18 - re-onboarding an unpaid venue remains unpaid and limited allotment deltas stay correct
  ---
  duration_ms: 98.4799
  type: 'test'
  ...
# Subtest: cleared payment records exact retained terms and hash-chained evidence, then repeats without changes
ok 19 - cleared payment records exact retained terms and hash-chained evidence, then repeats without changes
  ---
  duration_ms: 106.5347
  type: 'test'
  ...
# Subtest: shared audit failure rolls back payment and leaves Studio untouched
ok 20 - shared audit failure rolls back payment and leaves Studio untouched
  ---
  duration_ms: 76.8191
  type: 'test'
  ...
# Subtest: mirror failure is explicit and the same receipt repairs it without a new payment or term
ok 21 - mirror failure is explicit and the same receipt repairs it without a new payment or term
  ---
  duration_ms: 104.0296
  type: 'test'
  ...
# Subtest: missing shared or Studio sponsors fail rather than reporting a zero-row mirror success
ok 22 - missing shared or Studio sponsors fail rather than reporting a zero-row mirror success
  ---
  duration_ms: 87.844
  type: 'test'
  ...
# Subtest: reference conflicts, future payment, wrong amounts and anonymous operators cannot create evidence
ok 23 - reference conflicts, future payment, wrong amounts and anonymous operators cannot create evidence
  ---
  duration_ms: 114.7664
  type: 'test'
  ...
# Subtest: old receipt cannot roll back a later payment, and continuous Founding rate is retained
ok 24 - old receipt cannot roll back a later payment, and continuous Founding rate is retained
  ---
  duration_ms: 120.7462
  type: 'test'
  ...
# Subtest: standard annual payment uses 150000 cents and no Founding lock
ok 25 - standard annual payment uses 150000 cents and no Founding lock
  ---
  duration_ms: 94.7617
  type: 'test'
  ...
# Subtest: CLI exits nonzero on a partial mirror and succeeds when the identical command repairs it
ok 26 - CLI exits nonzero on a partial mirror and succeeds when the identical command repairs it
  ---
  duration_ms: 4689.719
  type: 'test'
  ...
# Subtest: concurrent identical receipts converge to one evidence event across independent SQLite connections
ok 27 - concurrent identical receipts converge to one evidence event across independent SQLite connections
  ---
  duration_ms: 109.5507
  type: 'test'
  ...
1..27
# tests 57
# suites 8
# pass 57
# fail 0
# cancelled 0
# skipped 0
# todo 0
# duration_ms 13827.1481
