studio.page.hq-venue-kit default mobile: pass  axe=0 overflow=0 console=0
studio.page.hq-venue-kit default tablet: pass  axe=0 overflow=0 console=0
studio.page.hq-venue-kit default desktop: pass  axe=0 overflow=0 console=0
studio.page.hq-venue-kit default wide: pass  axe=0 overflow=0 console=0
studio.page.hq-venue-kit long-content mobile: pass  axe=0 overflow=0 console=0
studio.page.hq-venue-kit long-content tablet: pass  axe=0 overflow=0 console=0
studio.page.hq-venue-kit long-content wide: pass  axe=0 overflow=0 console=0
studio.page.hq-venue-kit long-content desktop: pass  axe=0 overflow=0 console=0
studio.page.hq-venue-kit reduced-motion mobile: pass  axe=0 overflow=0 console=0
studio.page.hq-venue-kit reduced-motion tablet: pass  axe=0 overflow=0 console=0
studio.page.hq-venue-kit reduced-motion desktop: pass  axe=0 overflow=0 console=0
studio.page.hq-venue-kit reduced-motion wide: pass  axe=0 overflow=0 console=0
studio.page.hq-venue-kit keyboard-only mobile: pass  axe=0 overflow=0 console=0
studio.page.hq-venue-kit keyboard-only tablet: pass  axe=0 overflow=0 console=0
studio.page.hq-venue-kit keyboard-only wide: pass  axe=0 overflow=0 console=0
studio.page.hq-venue-kit keyboard-only desktop: pass  axe=0 overflow=0 console=0
studio.page.hq-venue-kit restricted mobile: pass  axe=0 overflow=0 console=0
studio.page.hq-venue-kit restricted tablet: pass  axe=0 overflow=0 console=0
studio.page.hq-venue-kit restricted desktop: pass  axe=0 overflow=0 console=0
studio.page.hq-venue-kit restricted wide: pass  axe=0 overflow=0 console=0
